Build started 1/6/2025 10:45:36 AM.
     1>Project "C:\Users\wxh19\Desktop\v2.0.4\DemoCode\LibFXScan\MFCDemo\LibWFXDemo.vcxproj" on node 2 (Build target(s)).
     1>ClCompile:
         C:\Program Files (x86)\Microsoft Visual Studio 14.0\VC\bin\CL.exe /c /I..\..\WebScan\inc /Zi /nologo /W3 /WX- /sdl /O2 /Oi /Oy- /GL /D WIN32 /D _WINDOWS /D NDEBUG /D _UNICODE /D UNICODE /D _AFXDLL /Gm- /EHsc /MD /GS /Gy /fp:precise /Zc:wchar_t /Zc:forScope /Zc:inline /Yc"stdafx.h" /Fp"Release\LibWFXDemo.pch" /Fo"Release\\" /Fd"Release\vc140.pdb" /Gd /TP /analyze- /errorReport:prompt stdafx.cpp
         stdafx.cpp
         C:\Program Files (x86)\Microsoft Visual Studio 14.0\VC\bin\CL.exe /c /I..\..\WebScan\inc /Zi /nologo /W3 /WX- /sdl /O2 /Oi /Oy- /GL /D WIN32 /D _WINDOWS /D NDEBUG /D _UNICODE /D UNICODE /D _AFXDLL /Gm- /EHsc /MD /GS /Gy /fp:precise /Zc:wchar_t /Zc:forScope /Zc:inline /Yu"stdafx.h" /Fp"Release\LibWFXDemo.pch" /Fo"Release\\" /Fd"Release\vc140.pdb" /Gd /TP /analyze- /errorReport:prompt ECODlg.cpp LibWFXDemo.cpp LibWFXDemoDlg_BlockMode.cpp LibWFXDemoDlg_NonBlockMode.cpp ScanningDlg.cpp WarmupDlg.cpp
         ECODlg.cpp
         LibWFXDemo.cpp
         LibWFXDemoDlg_BlockMode.cpp
     1>LibWFXDemoDlg_BlockMode.cpp(526): warning C4018: '<': signed/unsigned mismatch
     1>LibWFXDemoDlg_BlockMode.cpp(540): warning C4018: '<': signed/unsigned mismatch
     1>LibWFXDemoDlg_BlockMode.cpp(619): warning C4018: '<': signed/unsigned mismatch
     1>LibWFXDemoDlg_BlockMode.cpp(626): warning C4477: 'sprintf_s' : format string '%S' requires an argument of type 'wchar_t *', but variadic argument 1 has type 'CString'
     1>LibWFXDemoDlg_BlockMode.cpp(578): warning C4101: 'szPath': unreferenced local variable
     1>LibWFXDemoDlg_BlockMode.cpp(702): warning C4805: '==': unsafe mix of type 'BOOL' and type 'bool' in operation
     1>LibWFXDemoDlg_BlockMode.cpp(1251): warning C4101: 'enPaperStatus': unreferenced local variable
         LibWFXDemoDlg_NonBlockMode.cpp
     1>LibWFXDemoDlg_NonBlockMode.cpp(823): warning C4018: '<': signed/unsigned mismatch
     1>LibWFXDemoDlg_NonBlockMode.cpp(837): warning C4018: '<': signed/unsigned mismatch
     1>LibWFXDemoDlg_NonBlockMode.cpp(922): warning C4018: '<': signed/unsigned mismatch
     1>LibWFXDemoDlg_NonBlockMode.cpp(929): warning C4477: 'sprintf_s' : format string '%S' requires an argument of type 'wchar_t *', but variadic argument 1 has type 'CString'
     1>LibWFXDemoDlg_NonBlockMode.cpp(878): warning C4101: 'szPath': unreferenced local variable
     1>LibWFXDemoDlg_NonBlockMode.cpp(1007): warning C4805: '==': unsafe mix of type 'BOOL' and type 'bool' in operation
         ScanningDlg.cpp
         WarmupDlg.cpp
       ResourceCompile:
         C:\Program Files (x86)\Windows Kits\8.1\bin\x86\rc.exe /D NDEBUG /D _UNICODE /D UNICODE /D _AFXDLL /l"0x0409" /IRelease\ /nologo /fo"Release\LibWFXDemo.res" LibWFXDemo.rc 
       Link:
         C:\Program Files (x86)\Microsoft Visual Studio 14.0\VC\bin\link.exe /ERRORREPORT:PROMPT /OUT:"C:\Users\wxh19\Desktop\v2.0.4\DemoCode\LibFXScan\Bin\x86\Release\LibWFXDemo.exe" /INCREMENTAL:NO /NOLOGO /LIBPATH:..\lib json_x86\Release\jansson.lib /MANIFEST /MANIFESTUAC:"level='asInvoker' uiAccess='false'" /manifest:embed /manifestinput:"C:\Program Files (x86)\Microsoft Visual Studio 14.0\VC\Include\Manifest\dpiaware.manifest" /Debug /PDB:"C:\Users\wxh19\Desktop\v2.0.4\DemoCode\LibFXScan\Bin\x86\Release\LibWFXDemo.pdb" /SUBSYSTEM:WINDOWS /OPT:REF /OPT:ICF /LTCG:incremental /TLBID:1 /ENTRY:"wWinMainCRTStartup" /DYNAMICBASE /NXCOMPAT /IMPLIB:"C:\Users\wxh19\Desktop\v2.0.4\DemoCode\LibFXScan\Bin\x86\Release\LibWFXDemo.lib" /MACHINE:X86 /SAFESEH Release\LibWFXDemo.res
         Release\ECODlg.obj
         Release\LibWFXDemo.obj
         Release\LibWFXDemoDlg_BlockMode.obj
         Release\LibWFXDemoDlg_NonBlockMode.obj
         Release\ScanningDlg.obj
         Release\stdafx.obj
         Release\WarmupDlg.obj
         Generating code
         All 988 functions were compiled because no usable IPDB/IOBJ from previous compilation was found.
         Finished generating code
         LibWFXDemo.vcxproj -> C:\Users\wxh19\Desktop\v2.0.4\DemoCode\LibFXScan\Bin\x86\Release\LibWFXDemo.exe
     1>Done Building Project "C:\Users\wxh19\Desktop\v2.0.4\DemoCode\LibFXScan\MFCDemo\LibWFXDemo.vcxproj" (Build target(s)).

Build succeeded.

Time Elapsed 00:00:04.95
